# Licensed to the Apache Software Foundation (ASF) under one or more
# contributor license agreements.  See the NOTICE file distributed with
# this work for additional information regarding copyright ownership.
# The ASF licenses this file to You under the Apache License, Version 2.0
# (the "License"); you may not use this file except in compliance with
# the License.  You may obtain a copy of the License at
#
#     http://www.apache.org/licenses/LICENSE-2.0
#
# Unless required by applicable law or agreed to in writing, software
# distributed under the License is distributed on an "AS IS" BASIS,
# WITHOUT WARRANTIES OR CONDITIONS OF ANY KIND, either express or implied.
# See the License for the specific language governing permissions and
# limitations under the License.

{{- contains . }}
-
{{- contains . }}
-   parentId: {{ .parentId }}
    id: {{ notEmpty .id }}
    kind: CLIENT
    name: insert into users (name, id) values (?, ?)
    timestamp: {{ ge .timestamp 0}}
    duration: {{ ge .duration 0}}
    localEndpoint:
      serviceName: e2e-service-provider
{{- end }}
{{- end }}


